12-13 05:18:21.541   409   409 I surfaceflinger: type=1400 audit(0.0:507): avc: denied { ioctl } for path="/dev/kgsl-3d0" dev="tmpfs" ino=8308 ioctlcmd=93d scontext=u:r:surfaceflinger:s0 tcontext=u:object_r:device:s0 tclass=chr_file permissive=1
12-13 05:18:25.591  4063  4063 I RenderThread: type=1400 audit(0.0:508): avc: denied { read write } for path="/dev/kgsl-3d0" dev="tmpfs" ino=8308 scontext=u:r:system_app:s0 tcontext=u:object_r:device:s0 tclass=chr_file permissive=1
12-13 05:18:27.361   409   409 I surfaceflinger: type=1400 audit(0.0:509): avc: denied { read write } for path="/dev/kgsl-3d0" dev="tmpfs" ino=8308 scontext=u:r:surfaceflinger:s0 tcontext=u:object_r:device:s0 tclass=chr_file permissive=1
12-13 05:18:29.271   291   291 I main    : type=1400 audit(0.0:510): avc: denied { getattr } for path="/sys/kernel/debug/tracing/trace_marker" dev="debugfs" ino=2104 scontext=u:r:zygote:s0 tcontext=u:object_r:debugfs:s0 tclass=file permissive=1
12-13 05:18:29.291 27872 27872 I main    : type=1400 audit(0.0:511): avc: denied { write } for name="trace_marker" dev="debugfs" ino=2104 scontext=u:r:zygote:s0 tcontext=u:object_r:debugfs:s0 tclass=file permissive=1
12-13 05:18:29.291 27872 27872 I main    : type=1400 audit(0.0:512): avc: denied { open } for name="trace_marker" dev="debugfs" ino=2104 scontext=u:r:zygote:s0 tcontext=u:object_r:debugfs:s0 tclass=file permissive=1
12-13 05:18:30.681  3790  3790 I RenderThread: type=1400 audit(0.0:513): avc: denied { ioctl } for path="/dev/kgsl-3d0" dev="tmpfs" ino=8308 ioctlcmd=913 scontext=u:r:system_server:s0 tcontext=u:object_r:device:s0 tclass=chr_file permissive=1
12-13 05:18:30.691  3790  3790 I RenderThread: type=1400 audit(0.0:514): avc: denied { read write } for path="/dev/kgsl-3d0" dev="tmpfs" ino=8308 scontext=u:r:system_server:s0 tcontext=u:object_r:device:s0 tclass=chr_file permissive=1
12-13 05:18:30.891 28014 28014 I RenderThread: type=1400 audit(0.0:515): avc: denied { read write } for name="kgsl-3d0" dev="tmpfs" ino=8308 scontext=u:r:priv_app:s0:c512,c768 tcontext=u:object_r:device:s0 tclass=chr_file permissive=1
12-13 05:18:30.891 28014 28014 I RenderThread: type=1400 audit(0.0:516): avc: denied { open } for name="kgsl-3d0" dev="tmpfs" ino=8308 scontext=u:r:priv_app:s0:c512,c768 tcontext=u:object_r:device:s0 tclass=chr_file permissive=1
12-13 05:18:30.891 28014 28014 I RenderThread: type=1400 audit(0.0:517): avc: denied { ioctl } for path="/dev/kgsl-3d0" dev="tmpfs" ino=8308 ioctlcmd=902 scontext=u:r:priv_app:s0:c512,c768 tcontext=u:object_r:device:s0 tclass=chr_file permissive=1
12-13 05:18:34.431  4063  4063 I RenderThread: type=1400 audit(0.0:518): avc: denied { ioctl } for path="/dev/kgsl-3d0" dev="tmpfs" ino=8308 ioctlcmd=93d scontext=u:r:system_app:s0 tcontext=u:object_r:device:s0 tclass=chr_file permissive=1
12-13 05:18:34.511 28291 28291 I adbd    : type=1400 audit(0.0:519): avc: denied { read } for name="online" dev="sysfs" ino=34 scontext=u:r:adbd:s0 tcontext=u:object_r:sysfs:s0 tclass=file permissive=1
12-13 05:18:34.511 28291 28291 I adbd    : type=1400 audit(0.0:520): avc: denied { open } for name="online" dev="sysfs" ino=34 scontext=u:r:adbd:s0 tcontext=u:object_r:sysfs:s0 tclass=file permissive=1
12-13 05:18:34.511 28291 28291 I adbd    : type=1400 audit(0.0:521): avc: denied { getattr } for path="/sys/devices/system/cpu/online" dev="sysfs" ino=34 scontext=u:r:adbd:s0 tcontext=u:object_r:sysfs:s0 tclass=file permissive=1
12-13 05:18:34.751   409   409 I surfaceflinger: type=1400 audit(0.0:522): avc: denied { ioctl } for path="/dev/kgsl-3d0" dev="tmpfs" ino=8308 ioctlcmd=93d scontext=u:r:surfaceflinger:s0 tcontext=u:object_r:device:s0 tclass=chr_file permissive=1
12-13 05:18:34.851  3790  3790 I RenderThread: type=1400 audit(0.0:523): avc: denied { ioctl } for path="/dev/kgsl-3d0" dev="tmpfs" ino=8308 ioctlcmd=915 scontext=u:r:system_server:s0 tcontext=u:object_r:device:s0 tclass=chr_file permissive=1
12-13 05:18:34.871  3790  3790 I RenderThread: type=1400 audit(0.0:524): avc: denied { read write } for path="/dev/kgsl-3d0" dev="tmpfs" ino=8308 scontext=u:r:system_server:s0 tcontext=u:object_r:device:s0 tclass=chr_file permissive=1
12-13 05:18:36.911   291   291 I main    : type=1400 audit(0.0:525): avc: denied { getattr } for path="/sys/kernel/debug/tracing/trace_marker" dev="debugfs" ino=2104 scontext=u:r:zygote:s0 tcontext=u:object_r:debugfs:s0 tclass=file permissive=1
12-13 05:18:36.921 28505 28505 I main    : type=1400 audit(0.0:526): avc: denied { write } for name="trace_marker" dev="debugfs" ino=2104 scontext=u:r:zygote:s0 tcontext=u:object_r:debugfs:s0 tclass=file permissive=1
12-13 05:18:36.921 28505 28505 I main    : type=1400 audit(0.0:527): avc: denied { open } for name="trace_marker" dev="debugfs" ino=2104 scontext=u:r:zygote:s0 tcontext=u:object_r:debugfs:s0 tclass=file permissive=1
12-13 05:18:37.121 28014 28014 I RenderThread: type=1400 audit(0.0:528): avc: denied { ioctl } for path="/dev/kgsl-3d0" dev="tmpfs" ino=8308 ioctlcmd=93d scontext=u:r:priv_app:s0:c512,c768 tcontext=u:object_r:device:s0 tclass=chr_file permissive=1
12-13 05:30:54.021   813   813 I netmgrd : type=1400 audit(0.0:529): avc: denied { read } for scontext=u:r:init:s0 tcontext=u:r:init:s0 tclass=netlink_route_socket permissive=1
12-13 05:30:54.031 28014 28014 I RenderThread: type=1400 audit(0.0:530): avc: denied { ioctl } for path="/dev/kgsl-3d0" dev="tmpfs" ino=8308 ioctlcmd=93d scontext=u:r:priv_app:s0:c512,c768 tcontext=u:object_r:device:s0 tclass=chr_file permissive=1
12-13 05:30:54.111 28014 28014 I RenderThread: type=1400 audit(0.0:531): avc: denied { read write } for path="/dev/kgsl-3d0" dev="tmpfs" ino=8308 scontext=u:r:priv_app:s0:c512,c768 tcontext=u:object_r:device:s0 tclass=chr_file permissive=1
12-13 05:30:54.331  3460  3460 I RenderThread: type=1400 audit(0.0:532): avc: denied { ioctl } for path="/dev/kgsl-3d0" dev="tmpfs" ino=8308 ioctlcmd=93d scontext=u:r:platform_app:s0:c512,c768 tcontext=u:object_r:device:s0 tclass=chr_file permissive=1
12-13 05:31:21.731  3460  3460 I RenderThread: type=1400 audit(0.0:533): avc: denied { read write } for path="/dev/kgsl-3d0" dev="tmpfs" ino=8308 scontext=u:r:platform_app:s0:c512,c768 tcontext=u:object_r:device:s0 tclass=chr_file permissive=1
12-13 05:31:25.861  4063  4063 I RenderThread: type=1400 audit(0.0:534): avc: denied { ioctl } for path="/dev/kgsl-3d0" dev="tmpfs" ino=8308 ioctlcmd=93d scontext=u:r:system_app:s0 tcontext=u:object_r:device:s0 tclass=chr_file permissive=1
12-13 05:31:25.921  3790  3790 I RenderThread: type=1400 audit(0.0:535): avc: denied { ioctl } for path="/dev/kgsl-3d0" dev="tmpfs" ino=8308 ioctlcmd=93d scontext=u:r:system_server:s0 tcontext=u:object_r:device:s0 tclass=chr_file permissive=1
12-13 05:31:26.041  4063  4063 I RenderThread: type=1400 audit(0.0:536): avc: denied { read write } for path="/dev/kgsl-3d0" dev="tmpfs" ino=8308 scontext=u:r:system_app:s0 tcontext=u:object_r:device:s0 tclass=chr_file permissive=1
12-13 05:31:26.341   409   409 I surfaceflinger: type=1400 audit(0.0:537): avc: denied { ioctl } for path="/dev/kgsl-3d0" dev="tmpfs" ino=8308 ioctlcmd=93d scontext=u:r:surfaceflinger:s0 tcontext=u:object_r:device:s0 tclass=chr_file permissive=1
12-13 05:32:25.541  1458  1458 I PowerManagerSer: type=1400 audit(0.0:538): avc: denied { read write } for path="/dev/kgsl-3d0" dev="tmpfs" ino=8308 scontext=u:r:system_server:s0 tcontext=u:object_r:device:s0 tclass=chr_file permissive=1
12-13 05:32:25.631   409   409 I surfaceflinger: type=1400 audit(0.0:539): avc: denied { read write } for path="/dev/kgsl-3d0" dev="tmpfs" ino=8308 scontext=u:r:surfaceflinger:s0 tcontext=u:object_r:device:s0 tclass=chr_file permissive=1
12-13 05:33:41.861   291   291 I main    : type=1400 audit(0.0:540): avc: denied { getattr } for path="/sys/kernel/debug/tracing/trace_marker" dev="debugfs" ino=2104 scontext=u:r:zygote:s0 tcontext=u:object_r:debugfs:s0 tclass=file permissive=1
12-13 05:33:41.871 28587 28587 I main    : type=1400 audit(0.0:541): avc: denied { write } for name="trace_marker" dev="debugfs" ino=2104 scontext=u:r:zygote:s0 tcontext=u:object_r:debugfs:s0 tclass=file permissive=1
12-13 05:33:41.871 28587 