03-05 09:07:29.550   524   524 I rild    : type=1400 audit(0.0:227): avc: denied { write } for name="qmux_connect_socket" dev="tmpfs" ino=10007 scontext=u:r:rild:s0 tcontext=u:object_r:socket_device:s0 tclass=sock_file permissive=1
03-05 09:07:29.550   396   396 I qmuxd   : type=1400 audit(0.0:228): avc: denied { getattr } for path=2F6465762F736F636B65742F716D75785F726164696F2F716D75785F636C69656E745F736F636B657420202020343937 dev="tmpfs" ino=9992 scontext=u:r:init:s0 tcontext=u:object_r:socket_device:s0 tclass=sock_file permissive=1
03-05 09:07:29.550   396   396 I qmuxd   : type=1400 audit(0.0:229): avc: denied { unlink } for name=716D75785F636C69656E745F736F636B657420202020343937 dev="tmpfs" ino=9992 scontext=u:r:init:s0 tcontext=u:object_r:socket_device:s0 tclass=sock_file permissive=1
03-05 09:07:29.550   524   524 I rild    : type=1400 audit(0.0:230): avc: denied { write } for name="qmux_radio" dev="tmpfs" ino=7624 scontext=u:r:rild:s0 tcontext=u:object_r:socket_device:s0 tclass=dir permissive=1
03-05 09:07:29.550   524   524 I rild    : type=1400 audit(0.0:231): avc: denied { add_name } for name=716D75785F636C69656E745F736F636B657420202020343937 scontext=u:r:rild:s0 tcontext=u:object_r:socket_device:s0 tclass=dir permissive=1
03-05 09:07:29.930   694   694 I BootAnimation: type=1400 audit(0.0:232): avc: denied { write } for name="trace_marker" dev="debugfs" ino=2104 scontext=u:r:bootanim:s0 tcontext=u:object_r:debugfs:s0 tclass=file permissive=1
03-05 09:07:29.930   694   694 I BootAnimation: type=1400 audit(0.0:233): avc: denied { open } for name="trace_marker" dev="debugfs" ino=2104 scontext=u:r:bootanim:s0 tcontext=u:object_r:debugfs:s0 tclass=file permissive=1
03-05 09:07:30.810   725   725 I netmgrd : type=1400 audit(0.0:238): avc: denied { execute_no_trans } for path="/system/bin/sh" dev="mmcblk0p21" ino=376 scontext=u:r:init:s0 tcontext=u:object_r:shell_exec:s0 tclass=file permissive=1
03-05 09:07:30.830   725   725 I rm      : type=1400 audit(0.0:239): avc: denied { read } for path="pipe:[11136]" dev="pipefs" ino=11136 scontext=u:r:toolbox:s0 tcontext=u:r:init:s0 tclass=fifo_file permissive=1
03-05 09:07:30.830   725   725 I rm      : type=1400 audit(0.0:240): avc: denied { read write } for path="/dev/smem_log" dev="tmpfs" ino=6362 scontext=u:r:toolbox:s0 tcontext=u:object_r:device:s0 tclass=chr_file permissive=1
03-05 09:07:30.890   400   400 I netmgrd : type=1400 audit(0.0:241): avc: denied { ioctl } for path="socket:[12453]" dev="sockfs" ino=12453 ioctlcmd=89f3 scontext=u:r:init:s0 tcontext=u:r:init:s0 tclass=udp_socket permissive=1
03-05 09:07:30.890   400   400 I netmgrd : type=1400 audit(0.0:242): avc: denied { ioctl } for path="socket:[12454]" dev="sockfs" ino=12454 ioctlcmd=89f9 scontext=u:r:init:s0 tcontext=u:r:init:s0 tclass=udp_socket permissive=1
03-05 09:07:31.979   373   373 I surfaceflinger: type=1400 audit(0.0:256): avc: denied { read write } for path="/dev/kgsl-3d0" dev="tmpfs" ino=6199 scontext=u:r:surfaceflinger:s0 tcontext=u:object_r:device:s0 tclass=chr_file permissive=1
03-05 09:07:32.079   400   400 I netmgrd : type=1400 audit(0.0:257): avc: denied { create } for scontext=u:r:init:s0 tcontext=u:r:init:s0 tclass=netlink_route_socket permissive=1
03-05 09:07:32.079   400   400 I netmgrd : type=1400 audit(0.0:258): avc: denied { bind } for scontext=u:r:init:s0 tcontext=u:r:init:s0 tclass=netlink_route_socket permissive=1
03-05 09:07:32.079   400   400 I netmgrd : type=1400 audit(0.0:259): avc: denied { create } for scontext=u:r:init:s0 tcontext=u:r:init:s0 tclass=netlink_socket permissive=1
03-05 09:07:32.079   400   400 I netmgrd : type=1400 audit(0.0:260): avc: denied { bind } for scontext=u:r:init:s0 tcontext=u:r:init:s0 tclass=netlink_socket permissive=1
03-05 09:07:33.229   702   702 I rild    : type=1400 audit(0.0:282): avc: denied { ioctl } for path="socket:[9994]" dev="sockfs" ino=9994 ioctlcmd=c302 scontext=u:r:rild:s0 tcontext=u:r:rild:s0 tclass=socket permissive=1
03-05 09:07:35.529   475   475 I Binder:475_2: type=1400 audit(0.0:283): avc: denied { write } for name="trace_marker" dev="debugfs" ino=2104 scontext=u:r:installd:s0 tcontext=u:object_r:debugfs:s0 tclass=file permissive=1
03-05 09:07:35.529   475   475 I Binder:475_2: type=1400 audit(0.0:284): avc: denied { open } for name="trace_marker" dev="debugfs" ino=2104 scontext=u:r:installd:s0 tcontext=u:object_r:debugfs:s0 tclass=file permissive=1
03-05 09:07:36.369   870   870 I idmap   : type=1400 audit(0.0:285): avc: denied { read } for name="online" dev="sysfs" ino=34 scontext=u:r:idmap:s0 tcontext=u:object_r:sysfs:s0 tclass=file permissive=1
03-05 09:07:36.369   870   870 I idmap   : type=1400 audit(0.0:286): avc: denied { open } for name="online" dev="sysfs" ino=34 scontext=u:r:idmap:s0 tcontext=u:object_r:sysfs:s0 tclass=file permissive=1
03-05 09:07:36.369   870   870 I idmap   : type=1400 audit(0.0:287): avc: denied { getattr } for path="/sys/devices/system/cpu/online" dev="sysfs" ino=34 scontext=u:r:idmap:s0 tcontext=u:object_r:sysfs:s0 tclass=file permissive=1
12-13 06:49:59.770   326   326 I Binder:275_2: type=1400 audit(0.0:289): avc: denied { sys_module } for capability=16 scontext=u:r:netd:s0 tcontext=u:r:netd:s0 tclass=capability permissive=1
12-13 06:50:00.470   727   727 I system_server: type=1400 audit(0.0:290): avc: denied { write } for name="properties" dev="mmcblk0p22" ino=30 scontext=u:r:system_server:s0 tcontext=u:object_r:unlabeled:s0 tclass=dir permissive=1
12-13 06:50:00.810   276   276 I main    : type=1400 audit(0.0:291): avc: denied { getattr } for path="/sys/kernel/debug/tracing/trace_marker" dev="debugfs" ino=2104 scontext=u:r:zygote:s0 tcontext=u:object_r:debugfs:s0 tclass=file permissive=1
12-13 06:50:00.820   977   977 I main    : type=1400 audit(0.0:292): avc: denied { write } for name="trace_marker" dev="debugfs" ino=2104 scontext=u:r:zygote:s0 tcontext=u:object_r:debugfs:s0 tclass=file permissive=1
12-13 06:50:00.820   977   977 I main    : type=1400 audit(0.0:293): avc: denied { open } for name="trace_marker" dev="debugfs" ino=2104 scontext=u:r:zygote:s0 tcontext=u:object_r:debugfs:s0 tclass=file permissive=1
12-13 06:50:00.930   694   694 I BootAnimation: type=1400 audit(0.0:294): avc: denied { ioctl } for path="/dev/kgsl-3d0" dev="tmpfs" ino=6199 ioctlcmd=93d scontext=u:r:bootanim:s0 tcontext=u:object_r:device:s0 tclass=chr_file permissive=1
12-13 06:50:00.950   987   987 I sgdisk  : type=1400 audit(0.0:295): avc: denied { read } for name="online" dev="sysfs" ino=34 scontext=u:r:sgdisk:s0 tcontext=u:object_r:sysfs:s0 tclass=file permissive=1
12-13 06:50:00.950   987   987 I sgdisk  : type=1400 audit(0.0:296): avc: denied { open } for name="online" dev="sysfs" ino=34 scontext=u:r:sgdisk:s0 tcontext=u:object_r:sysfs:s0 tclass=file permissive=1
12-13 06:50:00.960   987   987 I sgdisk  : type=1400 audit(0.0:297): avc: denied { getattr } for path="/sys/devices/system/cpu/online" dev="sysfs" ino=34 scontext=u:r:sgdisk:s0 tcontext=u:object_r:sysfs:s0 tclass=file permissive=1
12-13 06:50:01.180   694   694 I BootAnimation: type=1400 audit(0.0:298): avc: denied { read write } for path="/dev/kgsl-3d0" dev="tmpfs" ino=6199 scontext=u:r:bootanim:s0 tcontext=u:object_r:device:s0 tclass=chr_file permissive=1
12-13 06:50:01.190   353   353 I android.hardwar: type=1400 audit(0.0:299): avc: denied { write } for name="fwpath" dev="sysfs" ino=5694 scontext=u:r:hal_wifi_default:s0 tcontext=u:object_r:sysfs:s0 tclass=file permissive=1
12-13 06:50:01.190  1036  1036 I ueventd : type=1400 audit(0.0:300): avc: denied { search } for name="wifi" dev="mmcblk0p26" ino=122655 scontext=u:r:ueventd:s0 tcontext=u:object_r:wifi_data_file:s0 tclass=dir permissive=1
12-13 06:50:01.190  1036  1036 I ueventd : type=1400 audit(0.0:301): avc: denied { read } for name="WCNSS_qcom_cfg.ini" dev="mmcblk0p26" ino=122694 scontext=u:r:ueventd:s0 tcontext=u:object_r:wifi_data_file:s0 tclass=file permissive=1
12-13 06:50:01.190  1036  1036 I ueventd : type=1400 audit(0.0:302): avc: denied { open } for name="WCNSS_qcom_cfg.ini" dev="mmcblk0p26" ino=122694 scontext=u:r:ueventd:s0 tcontext=u:object_r:wifi_data_file:s0 tclass=file permissive=1
12-13 06:50:01.190  1036  1036 I ueventd : type=1400 audit(0.0:303): avc: denied { getattr } for path="/data/misc/wifi/WCNSS_qcom_cfg.ini" dev="mmcblk0p26" ino=122694 scontext=u:r:ueventd:s0 tcontext=u:object_r:wifi_data_file:s0 tclass=file permissive=1
12-13 06:50:01.260   702   702 I rild    : type=1400 audit(0.0:304): avc: denied { ioctl } for path="socket:[9994]" dev="sockfs" ino=9994 ioctlcmd=c302 scontext=u:r:rild:s0 tcontext=u:r:rild:s0 tclass=socket permissive=1
12-13 06:50:01.390   776   776 I netmgrd : type=1400 audit(0.0:305): avc: denied { read } for scontext=u:r:init:s0 tcontext=u:r:init:s0 tclass=netlink_route_socket permissive=1
12-13 06:50:01.430  1055  1055 I sh      : type=1400 audit(0.0:306): avc: denied { read } for name="online" dev="sysfs" ino=34 scontext=u:r:blkid_untrusted:s0 tcontext=u:object_r:sysfs:s0 tclass=file permissive=1
12-13 06:50:01.430  1055  1055 I sh      : type=1400 audit(0.0:307): avc: denied { open } for name="online" dev="sysfs" ino=34 scontext=u:r:blkid_untrusted:s0 tcontext=u:object_r:sysfs:s0 tclass=file permissive=1
12-13 06:50:01.430  1055  1055 I sh      : type=1400 audit(0.0:308): avc: denied { getattr } for path="/sys/devices/system/cpu/online" dev="sysfs" ino=34 scontext=u:r:blkid_untrusted:s0 tcontext=u:object_r:sysfs:s0 tclass=file permissive=1
12-13 06:50:01.490   491   491 I wificond: type=1400 audit(0.0:309): avc: denied { write } for name="trace_marker" dev="debugfs" ino=2104 scontext=u:r:wificond:s0 tcontext=u:object_r:debugfs:s0 tclass=file permissive=1
12-13 06:50:01.490   491   491 I wificond: type=1400 audit(0.0:310): avc: denied { open } for name="trace_marker" dev="debugfs" ino=2104 scontext=u:r:wificond:s0 tcontext=u:object_r:debugfs:s0 tclass=file permissive=1
12-13 06:50:01.510  1055  1055 I blkid   : type=1400 audit(0.0:311): avc: denied { read } for name="online" dev="sysfs" ino=34 scontext=u:r:blkid_untrusted:s0 tcontext=u:object_r:sysfs:s0 tclass=file permissive=1
12-13 06:50:01.510  1055  1055 I blkid   : type=1400 audit(0.0:312): avc: denied { open } for name="online" dev="sysfs" ino=34 scontext=u:r:blkid_untrusted:s0 tcontext=u:object_r:sysfs:s0 tclass=file permissive=1
12-13 06:50:01.510  1055  1055 I blkid   : type=1400 audit(0.0:313): avc: denied { getattr } for path="/sys/devices/system/cpu/online" dev="sysfs" ino=34 scontext=u:r:blkid_untrusted:s0 tcontext=u:object_r:sysfs:s0 tclass=file permissive=1
12-13 06:50:01.730  1073  1073 I wpa_supplicant: type=1400 audit(0.0:314): avc: denied { write } for name="trace_marker" dev="debugfs" ino=2104 scontext=u:r:hal_wifi_supplicant_default:s0 tcontext=u:object_r:debugfs:s0 tclass=file permissive=1
12-13 06:50:01.740  1073  1073 I wpa_supplicant: type=1400 audit(0.0:315): avc: denied { open } for name="trace_marker" dev="debugfs" ino=2104 scontext=u:r:hal_wifi_supplicant_default:s0 tcontext=u:object_r:debugfs:s0 tclass=file permissive=1
12-13 06:50:01.930   496   496 I OMXMaster: makeComponentInstance(OMX.qcom.video.decoder.avc) in android.hardwar process
12-13 06:50:01.950  1104  1104 I ueventd : type=1400 audit(0.0:316): avc: denied { read } for name="venus.mdt" dev="mmcblk0p1" ino=54 scontext=u:r:ueventd:s0 tcontext=u:object_r:vfat:s0 tclass=file permissive=1
12-13 06:50:01.950  1104  1104 I ueventd : type=1400 audit(0.0:317): avc: denied { open } for name="venus.mdt" dev="mmcblk0p1" ino=54 scontext=u:r:ueventd:s0 tcontext=u:object_r:vfat:s0 tclass=file permissive=1
12-13 06:50:01.950  1104  1104 I ueventd : type=1400 audit(0.0:318): avc: denied { getattr } for path="/firmware/image/venus.mdt" dev="mmcblk0p1" ino=54 scontext=u:r:ueventd:s0 tcontext=u:object_r:vfat:s0 tclass=file permissive=1
12-13 06:50:02.179   496   496 E OMXNodeInstance: getParameter(0xab3e19c4:qcom.decoder.avc, ??(0x7f000044)) ERROR: UnsupportedSetting(0x80001019)
12-13 06:50:02.180   496   496 E OMXNodeInstance: getParameter(0xab3e19c4:qcom.decoder.avc, ??(0x7f000044)) ERROR: UnsupportedSetting(0x80001019)
12-13 06:50:02.181   496   517 E OMXNodeInstance: getExtensionIndex(0xab3e19c4:qcom.decoder.avc, OMX.google.android.index.configureVideoTunnelMode) ERROR: NotImplemented(0x80001006)
12-13 06:50:02.190   496  1053 I OMXMaster: makeComponentInstance(OMX.qcom.video.decoder.avc.secure) in android.hardwar process
12-13 06:50:02.207   496  1053 E OMXNodeInstance: getParameter(0xab3e19c4:qcom.decoder.avc.secure, ??(0x7f000044)) ERROR: UnsupportedSetting(0x80001019)
12-13 06:50:02.208   496  1053 E OMXNodeInstance: getParameter(0xab3e19c4:qcom.decoder.avc.secure, ??(0x7f000044)) ERROR: UnsupportedSetting(0x80001019)
12-13 06:50:02.211   496   496 E OMXNodeInstance: getExtensionIndex(0xab3e19c4:qcom.decoder.avc.secure, OMX.google.android.index.configureVideoTunnelMode) ERROR: NotImplemented(0x80001006)
12-13 06:50:02.329   517   517 I Binder:496_1: type=1400 audit(0.0:319): avc: denied { read } for name="online" dev="sysfs" ino=34 scontext=u:r:mediacodec:s0 tcontext=u:object_r:sysfs:s0 tclass=file permissive=1
12-13 06:50:02.329   517   517 I Binder:496_1: type=1400 audit(0.0:320): avc: denied { open } for name="online" dev="sysfs" ino=34 scontext=u:r:mediacodec:s0 tcontext=u:object_r:sysfs:s0 tclass=file permissive=1
12-13 06:50:02.329   517   517 I Binder:496_1: type=1400 audit(0.0:321): avc: denied { getattr } for path="/sys/devices/system/cpu/online" dev="sysfs" ino=34 scontext=u:r:mediacodec:s0 tcontext=u:object_r:sysfs:s0 tclass=file permissive=1
12-13 06:50:02.459   694   694 I BootAnimation: type=1400 audit(0.0:322): avc: denied { ioctl } for path="/dev/kgsl-3d0" dev="tmpfs" ino=6199 ioctlcmd=93d scontext=u:r:bootanim:s0 tcontext=u:object_r:device:s0 tclass=chr_file permissive=1
12-13 06:50:02.517   496   517 I OMXMaster: makeComponentInstance(OMX.qcom.video.encoder.avc) in android.hardwar process
12-13 06:50:02.537   496   517 E OMXNodeInstance: getConfig(0xabcfd004:qcom.encoder.avc, ConfigAndroidIntraRefresh(0x6f60000a)) ERROR: UnsupportedIndex(0x8000101a)
12-13 06:50:02.639  1021  1021 I webview_zygote3: type=1400 audit(0.0:323): avc: denied { read } for name="online" dev="sysfs" ino=34 scontext=u:r:webview_zygote:s0 tcontext=u:object_r:sysfs:s0 tclass=file permissive=1
12-13 06:50:02.639  1021  1021 I webview_zygote3: type=1400 audit(0.0:324): avc: denied { open } for name="online" dev="sysfs" ino=34 scontext=u:r:webview_zygote:s0 tcontext=u:object_r:sysfs:s0 tclass=file permissive=1
12-13 06:50:02.639  1021  1021 I webview_zygote3: type=1400 audit(0.0:325): avc: denied { getattr } for path="/sys/devices/system/cpu/online" dev="sysfs" ino=34 scontext=u:r:webview_zygote:s0 tcontext=u:object_r:sysfs:s0 tclass=file permissive=1
12-13 06:50:02.749  1021  1021 I webview_zygote3: type=1400 audit(0.0:326): avc: denied { write } for name="trace_marker" dev="debugfs" ino=2104 scontext=u:r:webview_zygote:s0 tcontext=u:object_r:debugfs:s0 tclass=file permissive=1
12-13 06:50:02.749  1021  1021 I webview_zygote3: type=1400 audit(0.0:327): avc: denied { open } for name="trace_marker" dev="debugfs" ino=2104 scontext=u:r:webview_zygote:s0 tcontext=u:object_r:debugfs:s0 tclass=file permissive=1
12-13 06:50:02.899   373   373 I surfaceflinger: type=1400 audit(0.0:328): avc: denied { ioctl } for path="/dev/kgsl-3d0" dev="tmpfs" ino=6199 ioctlcmd=93d scontext=u:r:surfaceflinger:s0 tcontext=u:object_r:device:s0 tclass=chr_file permissive=1
12-13 06:50:03.959  1153  1153 I RenderThread: type=1400 audit(0.0:329): avc: denied { read write } for name="kgsl-3d0" dev="tmpfs" ino=6199 scontext=u:r:platform_app:s0:c512,c768 tcontext=u:object_r:device:s0 tclass=chr_file permissive=1
12-13 06:50:03.959  1153  1153 I RenderThread: type=1400 audit(0.0:330): avc: denied { open } for name="kgsl-3d0" dev="tmpfs" ino=6199 scontext=u:r:platform_app:s0:c512,c768 tcontext=u:object_r:device:s0 tclass=chr_file permissive=1
12-13 06:50:03.959  1153  1153 I RenderThread: type=1400 audit(0.0:331): avc: denied { ioctl } for path="/dev/kgsl-3d0" dev="tmpfs" ino=6199 ioctlcmd=902 scontext=u:r:platform_app:s0:c512,c768 tcontext=u:object_r:device:s0 tclass=chr_file permissive=1
12-13 06:50:04.859   373   373 I surfaceflinger: type=1400 audit(0.0:332): avc: denied { read write } for path="/dev/kgsl-3d0" dev="tmpfs" ino=6199 scontext=u:r:surfaceflinger:s0 tcontext=u:object_r:device:s0 tclass=chr_file permissive=1
12-13 06:50:22.129  1696  1696 I crash_dump32: type=1400 audit(0.0:333): avc: denied { read } for name="online" dev="sysfs" ino=34 scontext=u:r:crash_dump:s0 tcontext=u:object_r:sysfs:s0 tclass=file permissive=1
12-13 06:50:22.129  1696  1696 I crash_dump32: type=1400 audit(0.0:334): avc: denied { open } for name="online" dev="sysfs" ino=34 scontext=u:r:crash_dump:s0 tcontext=u:object_r:sysfs:s0 tclass=file permissive=1
12-13 06:50:22.129  1696  1696 I crash_dump32: type=1400 audit(0.0:335): avc: denied { getattr } for path="/sys/devices/system/cpu/online" dev="sysfs" ino=34 scontext=u:r:crash_dump:s0 tcontext=u:object_r:sysfs:s0 tclass=file permissive=1
12-13 06:50:22.139  1696  1696 I crash_dump32: type=1400 audit(0.0:336): avc: denied { write } for name="trace_marker" dev="debugfs" ino=2104 scontext=u:r:crash_dump:s0 tcontext=u:object_r:debugfs:s0 tclass=file permissive=1
12-13 06:50:22.139  1696  1696 I crash_dump32: type=1400 audit(0.0:337): avc: denied { open } for name="trace_marker" dev="debugfs" ino=2104 scontext=u:r:crash_dump:s0 tcontext=u:object_r:debugfs:s0 tclass=file permissive=1
12-13 06:50:22.549  1701  1701 I crash_dump32: type=1400 audit(0.0:338): avc: denied { read } for name="online" dev="sysfs" ino=34 scontext=u:r:crash_dump:s0 tcontext=u:object_r:sysfs:s0 tclass=file permissive=1
12-13 06:50:22.549  1701  1701 I crash_dump32: type=1400 audit(0.0:339): avc: denied { open } for name="online" dev="sysfs" ino=34 scontext=u:r:crash_dump:s0 tcontext=u:object_r:sysfs:s0 tclass=file permissive=1
12-13 06:50:22.549  1701  1701 I crash_dump32: type=1400 audit(0.0:340): avc: denied { getattr } for path="/sys/devices/system/cpu/online" dev="sysfs" ino=34 scontext=u:r:crash_dump:s0 tcontext=u:object_r:sysfs:s0 tclass=file permissive=1
12-13 06:50:22.549  1701  1701 I crash_dump32: type=1400 audit(0.0:341): avc: denied { write } for name="trace_marker" dev="debugfs" ino=2104 scontext=u:r:crash_dump:s0 tcontext=u:object_r:debugfs:s0 tclass=file permissive=1
12-13 06:50:22.549  1701  1701 I crash_dump32: type=1400 audit(0.0:342): avc: denied { open } for name="trace_marker" dev="debugfs" ino=2104 scontext=u:r:crash_dump:s0 tcontext=u:object_r:debugfs:s0 tclass=file permissive=1
12-13 06:50:23.589  1721  1721 I mediaextractor: type=1400 audit(0.0:343): avc: denied { read } for name="online" dev="sysfs" ino=34 scontext=u:r:mediaextractor:s0 tcontext=u:object_r:sysfs:s0 tclass=file permissive=1
12-13 06:50:23.599  1721  1721 I mediaextractor: type=1400 audit(0.0:344): avc: denied { open } for name="online" dev="sysfs" ino=34 scontext=u:r:mediaextractor:s0 tcontext=u:object_r:sysfs:s0 tclass=file permissive=1
12-13 06:50:23.599  1721  1721 I mediaextractor: type=1400 audit(0.0:345): avc: denied { getattr } for path="/sys/devices/system/cpu/online" dev="sysfs" ino=34 scontext=u:r:mediaextractor:s0 tcontext=u:object_r:sysfs:s0 tclass=file permissive=1
12-13 06:50:23.609  1729  1729 I RenderThread: type=1400 audit(0.0:346): avc: denied { read write } for name="kgsl-3d0" dev="tmpfs" ino=6199 scontext=u:r:system_server:s0 tcontext=u:object_r:device:s0 tclass=chr_file permissive=1
12-13 06:50:23.609  1729  1729 I RenderThread: type=1400 audit(0.0:347): avc: denied { open } for name="kgsl-3d0" dev="tmpfs" ino=6199 scontext=u:r:system_server:s0 tcontext=u:object_r:device:s0 tclass=chr_file permissive=1
12-13 06:50:23.609  1729  1729 I RenderThread: type=1400 audit(0.0:348): avc: denied { ioctl } for path="/dev/kgsl-3d0" dev="tmpfs" ino=6199 ioctlcmd=902 scontext=u:r:system_server:s0 tcontext=u:object_r:device:s0 tclass=chr_file permissive=1
12-13 06:50:23.629   810   810 I BootAnimation: type=1400 audit(0.0:349): avc: denied { ioctl } for path="/dev/kgsl-3d0" dev="tmpfs" ino=6199 ioctlcmd=93d scontext=u:r:bootanim:s0 tcontext=u:object_r:device:s0 tclass=chr_file permissive=1
12-13 06:50:23.649  1153  1153 I RenderThread: type=1400 audit(0.0:350): avc: denied { ioctl } for path="/dev/kgsl-3d0" dev="tmpfs" ino=6199 ioctlcmd=934 scontext=u:r:platform_app:s0:c512,c768 tcontext=u:object_r:device:s0 tclass=chr_file permissive=1
12-13 06:50:23.649  1153  1153 I RenderThread: type=1400 audit(0.0:351): avc: denied { read write } for path="/dev/kgsl-3d0" dev="tmpfs" ino=6199 scontext=u:r:platform_app:s0:c512,c768 tcontext=u:object_r:device:s0 tclass=chr_file permissive=1
12-13 06:50:28.329   276   276 I main    : type=1400 audit(0.0:352): avc: denied { getattr } for path="/sys/kernel/debug/tracing/trace_marker" dev="debugfs" ino=2104 scontext=u:r:zygote:s0 tcontext=u:object_r:debugfs:s0 tclass=file permissive=1
12-13 06:50:28.339  1745  1745 I main    : type=1400 audit(0.0:353): avc: denied { write } for name="trace_marker" dev="debugfs" ino=2104 scontext=u:r:zygote:s0 tcontext=u:object_r:debugfs:s0 tclass=file permissive=1
12-13 06:50:28.339  1745  1745 I main    : type=1400 audit(0.0:354): avc: denied { open } for name="trace_marker" dev="debugfs" ino=2104 scontext=u:r:zygote:s0 tcontext=u:object_r:debugfs:s0 tclass=file permissive=1
12-13 06:50:28.379   373   373 I surfaceflinger: type=1400 audit(0.0:355): avc: denied { ioctl } for path="/dev/kgsl-3d0" dev="tmpfs" ino=6199 ioctlcmd=93d scontext=u:r:surfaceflinger:s0 tcontext=u:object_r:device:s0 tclass=chr_file permissive=1
12-13 06:50:31.509   276   276 I main    : type=1400 audit(0.0:356): avc: denied { getattr } for path="/sys/kernel/debug/tracing/trace_marker" dev="debugfs" ino=2104 scontext=u:r:zygote:s0 tcontext=u:object_r:debugfs:s0 tclass=file permissive=1
12-13 06:50:31.519  1860  1860 I main    : type=1400 audit(0.0:357): avc: denied { write } for name="trace_marker" dev="debugfs" ino=2104 scontext=u:r:zygote:s0 tcontext=u:object_r:debugfs:s0 tclass=file permissive=1
12-13 06:50:31.519  1860  1860 I main    : type=1400 audit(0.0:358): avc: denied { open } for name="trace_marker" dev="debugfs" ino=2104 scontext=u:r:zygote:s0 tcontext=u:object_r:debugfs:s0 tclass=file permissive=1
12-13 06:50:32.069   373   373 I surfaceflinger: type=1400 audit(0.0:359): avc: denied { read write } for path="/dev/kgsl-3d0" dev="tmpfs" ino=6199 scontext=u:r:surfaceflinger:s0 tcontext=u:object_r:device:s0 tclass=chr_file permissive=1
12-13 06:50:32.189   727   727 I system_server: type=1400 audit(0.0:360): avc: denied { execute } for path="/data/dalvik-cache/arm/system@framework@com.android.location.provider.jar@classes.dex" dev="mmcblk0p26" ino=114483 scontext=u:r:system_server:s0 tcontext=u:object_r:dalvikcache_data_file:s0 tclass=file permissive=1
12-13 06:50:33.039   694   694 I BootAnimation: type=1400 audit(0.0:361): avc: denied { read write } for path="/dev/kgsl-3d0" dev="tmpfs" ino=6199 scontext=u:r:bootanim:s0 tcontext=u:object_r:device:s0 tclass=chr_file permissive=1
12-13 06:50:37.329  1919  1919 I bootstat: type=1400 audit(0.0:362): avc: denied { read } for name="online" dev="sysfs" ino=34 scontext=u:r:bootstat:s0 tcontext=u:object_r:sysfs:s0 tclass=file permissive=1
12-13 06:50:37.329  1919  1919 I bootstat: type=1400 audit(0.0:363): avc: denied { open } for name="online" dev="sysfs" ino=34 scontext=u:r:bootstat:s0 tcontext=u:object_r:sysfs:s0 tclass=file permissive=1
12-13 06:50:37.329  1919  1919 I bootstat: type=1400 audit(0.0:364): avc: denied { getattr } for path="/sys/devices/system/cpu/online" dev="sysfs" ino=34 scontext=u:r:bootstat:s0 tcontext=u:object_r:sysfs:s0 tclass=file permissive=1
12-13 06:50:38.169   276   276 I main    : type=1400 audit(0.0:365): avc: denied { getattr } for path="/sys/kernel/debug/tracing/trace_marker" dev="debugfs" ino=2104 scontext=u:r:zygote:s0 tcontext=u:object_r:debugfs:s0 tclass=file permissive=1
12-13 06:50:38.179  1987  1987 I main    : type=1400 audit(0.0:366): avc: denied { write } for name="trace_marker" dev="debugfs" ino=2104 scontext=u:r:zygote:s0 tcontext=u:object_r:debugfs:s0 tclass=file permissive=1
12-13 06:50:38.179  1987  1987 I main    : type=1400 audit(0.0:367): avc: denied { open } for name="trace_marker" dev="debugfs" ino=2104 scontext=u:r:zygote:s0 tcontext=u:object_r:debugfs:s0 tclass=file permissive=1
12-13 06:50:38.379   373   373 I surfaceflinger: type=1400 audit(0.0:368): avc: denied { ioctl } for path="/dev/kgsl-3d0" dev="tmpfs" ino=6199 ioctlcmd=93d scontext=u:r:surfaceflinger:s0 tcontext=u:object_r:device:s0 tclass=chr_file permissive=1
12-13 06:50:38.459  1153  1153 I RenderThread: type=1400 audit(0.0:369): avc: denied { ioctl } for path="/dev/kgsl-3d0" dev="tmpfs" ino=6199 ioctlcmd=934 scontext=u:r:platform_app:s0:c512,c768 tcontext=u:object_r:device:s0 tclass=chr_file permissive=1
12-13 06:50:38.459  1153  1153 I RenderThread: type=1400 audit(0.0:370): avc: denied { read write } for path="/dev/kgsl-3d0" dev="tmpfs" ino=6199 scontext=u:r:platform_app:s0:c512,c768 tcontext=u:object_r:device:s0 tclass=chr_file permissive=1
12-13 06:50:38.589   776   776 I netmgrd : type=1400 audit(0.0:371): avc: denied { read } for scontext=u:r:init:s0 tcontext=u:r:init:s0 tclass=netlink_route_socket permissive=1
12-13 06:50:38.759  1153  1153 I RenderThread: type=1400 audit(0.0:372): avc: denied { ioctl } for path="/dev/kgsl-3d0" dev="tmpfs" ino=6199 ioctlcmd=93d scontext=u:r:platform_app:s0:c512,c768 tcontext=u:object_r:device:s0 tclass=chr_file permissive=1
12-13 06:50:38.779  1977  1977 I Worker-1: type=1400 audit(0.0:373): avc: denied { read } for name="mem_used_total" dev="sysfs" ino=19596 scontext=u:r:untrusted_app:s0:c512,c768 tcontext=u:object_r:sysfs:s0 tclass=file permissive=1
12-13 06:50:38.779  1977  1977 I Worker-1: type=1400 audit(0.0:374): avc: denied { open } for name="mem_used_total" dev="sysfs" ino=19596 scontext=u:r:untrusted_app:s0:c512,c768 tcontext=u:object_r:sysfs:s0 tclass=file permissive=1
12-13 06:50:38.779  1977  1977 I Worker-1: type=1400 audit(0.0:375): avc: denied { getattr } for path="/sys/devices/virtual/block/zram0/mem_used_total" dev="sysfs" ino=19596 scontext=u:r:untrusted_app:s0:c512,c768 tcontext=u:object_r:sysfs:s0 tclass=file permissive=1
12-13 06:50:38.989  1153  1153 I RenderThread: type=1400 audit(0.0:376): avc: denied { read write } for path="/dev/kgsl-3d0" dev="tmpfs" ino=6199 scontext=u:r:platform_app:s0:c512,c768 tcontext=u:object_r:device:s0 tclass=chr_file permissive=1
12-13 06:50:39.069  1729  1729 I RenderThread: type=1400 audit(0.0:377): avc: denied { ioctl } for path="/dev/kgsl-3d0" dev="tmpfs" ino=6199 ioctlcmd=915 scontext=u:r:system_server:s0 tcontext=u:object_r:device:s0 tclass=chr_file permissive=1
12-13 06:50:39.229   373   373 I surfaceflinger: type=1400 audit(0.0:378): avc: denied { ioctl } for path="/dev/kgsl-3d0" dev="tmpfs" ino=6199 ioctlcmd=93d scontext=u:r:surfaceflinger:s0 tcontext=u:object_r:device:s0 tclass=chr_file permissive=1
12-13 06:50:39.299   276   276 I main    : type=1400 audit(0.0:379): avc: denied { getattr } for path="/sys/kernel/debug/tracing/trace_marker" dev="debugfs" ino=2104 scontext=u:r:zygote:s0 tcontext=u:object_r:debugfs:s0 tclass=file permissive=1
12-13 06:50:39.309  2086  2086 I main    : type=1400 audit(0.0:380): avc: denied { write } for name="trace_marker" dev="debugfs" ino=2104 scontext=u:r:zygote:s0 tcontext=u:object_r:debugfs:s0 tclass=file permissive=1
12-13 06:50:39.319  2086  2086 I main    : type=1400 audit(0.0:381): avc: denied { open } for name="trace_marker" dev="debugfs" ino=2104 scontext=u:r:zygote:s0 tcontext=u:object_r:debugfs:s0 tclass=file permissive=1
12-13 06:50:39.369  2100  2100 I writer  : type=1400 audit(0.0:382): avc: denied { ioctl } for path="/dev/msm_acdb" dev="tmpfs" ino=8460 ioctlcmd=6171 scontext=u:r:audioserver:s0 tcontext=u:object_r:device:s0 tclass=chr_file permissive=1
12-13 06:50:39.399   776   776 I netmgrd : type=1400 audit(0.0:383): avc: denied { read } for scontext=u:r:init:s0 tcontext=u:r:init:s0 tclass=netlink_route_socket permissive=1
12-13 06:51:06.058  1729  1729 I RenderThread: type=1400 audit(0.0:384): avc: denied { ioctl } for path="/dev/kgsl-3d0" dev="tmpfs" ino=6199 ioctlcmd=93d scontext=u:r:system_server:s0 tcontext=u:object_r:device:s0 tclass=chr_file permissive=1
12-13 06:51:06.138   373   373 I surfaceflinger: type=1400 audit(0.0:385): avc: denied { ioctl } for path="/dev/kgsl-3d0" dev="tmpfs" ino=6199 ioctlcmd=93d scontext=u:r:surfaceflinger:s0 tcontext=u:object_r:device:s0 tclass=chr_file permissive=1
12-13 06:51:06.298   355   355 I rmt_storage: type=1400 audit(0.0:386): avc: denied { read } for scontext=u:r:init:s0 tcontext=u:r:init:s0 tclass=socket permissive=1
12-13 06:51:06.328   276   276 I main    : type=1400 audit(0.0:387): avc: denied { getattr } for path="/sys/kernel/debug/tracing/trace_marker" dev="debugfs" ino=2104 scontext=u:r:zygote:s0 tcontext=u:object_r:debugfs:s0 tclass=file permissive=1
12-13 06:51:06.338  2284  2284 I main    : type=1400 audit(0.0:388): avc: denied { write } for name="trace_marker" dev="debugfs" ino=2104 scontext=u:r:zygote:s0 tcontext=u:object_r:debugfs:s0 tclass=file permissive=1
12-13 06:51:06.338  2284  2284 I main    : type=1400 audit(0.0:389): avc: denied { open } for name="trace_marker" dev="debugfs" ino=2104 scontext=u:r:zygote:s0 tcontext=u:object_r:debugfs:s0 tclass=file permissive=1
12-13 06:51:06.558  2299  2299 I Thread-11: type=1400 audit(0.0:390): avc: denied { unlink } for name="log" dev="mmcblk0p23" ino=13 scontext=u:r:system_server:s0 tcontext=u:object_r:unlabeled:s0 tclass=file permissive=1
12-13 06:51:07.268  1153  1153 I RenderThread: type=1400 audit(0.0:391): avc: denied { ioctl } for path="/dev/kgsl-3d0" dev="tmpfs" ino=6199 ioctlcmd=933 scontext=u:r:platform_app:s0:c512,c768 tcontext=u:object_r:device:s0 tclass=chr_file permissive=1
12-13 06:51:07.298  1153  1153 I RenderThread: type=1400 audit(0.0:392): avc: denied { read write } for path="/dev/kgsl-3d0" dev="tmpfs" ino=6199 scontext=u:r:platform_app:s0:c512,c768 tcontext=u:object_r:device:s0 tclass=chr_file permissive=1
12-13 06:51:08.708  2537  2537 I main    : type=1400 audit(0.0:393): avc: denied { write } for name="trace_marker" dev="debugfs" ino=2104 scontext=u:r:zygote:s0 tcontext=u:object_r:debugfs:s0 tclass=file permissive=1
12-13 06:51:08.708   373   373 I surfaceflinger: type=1400 audit(0.0:394): avc: denied { ioctl } for path="/dev/kgsl-3d0" dev="tmpfs" ino=6199 ioctlcmd=93d scontext=u:r:surfaceflinger:s0 tcontext=u:object_r:device:s0 tclass=chr_file permissive=1
12-13 06:51:08.708  2537  2537 I main    : type=1400 audit(0.0:395): avc: denied { open } for name="trace_marker" dev="debugfs" ino=2104 scontext=u:r:zygote:s0 tcontext=u:object_r:debugfs:s0 tclass=file permissive=1
12-13 06:51:08.888   276   276 I main    : type=1400 audit(0.0:396): avc: denied { getattr } for path="/sys/kernel/debug/tracing/trace_marker" dev="debugfs" ino=2104 scontext=u:r:zygote:s0 tcontext=u:object_r:debugfs:s0 tclass=file permissive=1
12-13 06:51:11.867  2126  2126 I RenderThread: type=1400 audit(0.0:397): avc: denied { read write } for name="kgsl-3d0" dev="tmpfs" ino=6199 scontext=u:r:priv_app:s0:c512,c768 tcontext=u:object_r:device:s0 tclass=chr_file permissive=1
12-13 06:51:11.867  2126  2126 I RenderThread: type=1400 audit(0.0:398): avc: denied { open } for name="kgsl-3d0" dev="tmpfs" ino=6199 scontext=u:r:priv_app:s0:c512,c768 tcontext=u:object_r:device:s0 tclass=chr_file permissive=1
12-13 06:51:11.867  2126  2126 I RenderThread: type=1400 audit(0.0:399): avc: denied { ioctl } for path="/dev/kgsl-3d0" dev="tmpfs" ino=6199 ioctlcmd=902 scontext=u:r:priv_app:s0:c512,c768 tcontext=u:object_r:device:s0 tclass=chr_file permissive=1
12-13 06:51:12.497  2126  2126 I RenderThread: type=1400 audit(0.0:400): avc: denied { ioctl } for path="/dev/kgsl-3d0" dev="tmpfs" ino=6199 ioctlcmd=934 scontext=u:r:priv_app:s0:c512,c768 tcontext=u:object_r:device:s0 tclass=chr_file permissive=1
12-13 06:51:12.497  2126  2126 I RenderThread: type=1400 audit(0.0:401): avc: denied { read write } for path="/dev/kgsl-3d0" dev="tmpfs" ino=6199 scontext=u:r:priv_app:s0:c512,c768 tcontext=u:object_r:device:s0 tclass=chr_file permissive=1
12-13 06:51:12.567  2100  2100 I writer  : type=1400 audit(0.0:402): avc: denied { ioctl } for path="/dev/msm_acdb" dev="tmpfs" ino=8460 ioctlcmd=6171 scontext=u:r:audioserver:s0 tcontext=u:object_r:device:s0 tclass=chr_file permissive=1
12-13 06:51:12.607   373   373 I surfaceflinger: type=1400 audit(0.